Check your Python installation:

$ python --version

Install python
$ sudo apt-get install python3

Install pip

Download the installation script from pypa.io:
$ curl -O https://bootstrap.pypa.io/get-pip.py

Run the script with Python:
$ sudo python3 get-pip.py

Install the AWS CLI Using pip

$ sudo pip install awscli

Test the AWS CLI Installation
$ aws help


## If you see an error regarding the version, use
$ sudo pip install awscli --ignore-installed six

## For more details go to below link
http://docs.aws.amazon.com/cli/latest/userguide/installing.html#install-bundle-other-os


Accessing S3 buckets
$ aws s3 ls

Configure aws cli
$ aws configure

Access S3 buckets
$ aws s3 ls


Locaate the credentials 
$ cd ~
$ ls
$ ll
$ cd .aws
$ nano credentials
 
Delete credentials
$ rm -rf credentials

Terminate the instance
